RoninNetwork
0xc28fad5e8d5e0ce6a2eaf67b6687be5d58113e16be590824d6cfa1a94467d0b7
protected by: 
	require(gasStart <= constant)
	
	dataFlow upper bound
	
	tokenOutUpperBound
	
	tokenOutRatioUpperBound
	


HarmonyBridge
0x27981c7289c372e601c9475e5b5466310be18ed10b59d1ac840145f6e7804c97
protected by: 
	dataFlow upper bound
	
	tokenOutUpperBound
	
	tokenOutRatioUpperBound
	


Nomad
0x61497a1a8a8659a06358e130ea590e1eed8956edbd99dbb2048cfb46850a8f17
protected by: 
	tokenOutRatioUpperBound
	


PolyNetwork
0xad7a2c70c958fcd3effbf374d0acf3774a9257577625ae4c838e24b0de17602a
protected by: 


bZx2
0x762881b07feb63c436dee38edd4ff1f7a74c33091e534af56c9f7d49b5ecac15
protected by: 
	require(origin==sender)
	
	dataFlow upper bound
	
	dataFlow lower bound
	
	tokenInUpperBound
	


Warp
0x8bb8dc5c7c830bac85fa48acad2505e9300a91c3ff239c9517d0cae33b595090
protected by: 
	isOriginManager
	
	enforced short same function gap
	
	require(gasStart <= constant)
	
	require(gasStart - gasEnd <= constant)
	
	totalBorrow
	
	dataFlow upper bound
	
	tokenOutUpperBound
	
	tokenOutRatioUpperBound
	


Warp_interface
0x8bb8dc5c7c830bac85fa48acad2505e9300a91c3ff239c9517d0cae33b595090
protected by: 
	require(origin==sender)
	
	require(gasStart <= constant)
	
	oracle range
	
	oracle deviation
	


CheeseBank_1
0x600a869aa3a259158310a233b815ff67ca41eab8961a49918c2031297a02f1cc
protected by: 
	require(origin==sender)
	
	require(gasStart <= constant)
	
	oracle range
	
	oracle deviation
	
	totalBorrow
	
	dataFlow upper bound
	
	tokenOutUpperBound
	
	tokenOutRatioUpperBound
	


CheeseBank_2
0x600a869aa3a259158310a233b815ff67ca41eab8961a49918c2031297a02f1cc
protected by: 
	require(origin==sender)
	
	require(gasStart <= constant)
	
	require(gasStart - gasEnd <= constant)
	
	oracle range
	
	oracle deviation
	
	totalBorrow
	
	dataFlow upper bound
	
	tokenOutUpperBound
	
	tokenOutRatioUpperBound
	


CheeseBank_3
0x600a869aa3a259158310a233b815ff67ca41eab8961a49918c2031297a02f1cc
protected by: 
	require(origin==sender)
	
	require(gasStart <= constant)
	
	oracle range
	
	oracle deviation
	
	tokenOutRatioUpperBound
	


InverseFi
0x600373f67521324c8068cfd025f121a0843d57ec813411661b07edc5ff781842
protected by: 
	totalBorrow
	
	dataFlow upper bound
	
	tokenOutUpperBound
	
	tokenOutRatioUpperBound
	


CreamFi1_1
0x0016745693d68d734faa408b94cdf2d6c95f511b50f47b03909dc599c1dd9ff6
protected by: 


CreamFi1_2
0x0016745693d68d734faa408b94cdf2d6c95f511b50f47b03909dc599c1dd9ff6
protected by: 
	require(origin==sender)
	


CreamFi2_1
0x0fe2542079644e107cbf13690eb9c2c65963ccb79089ff96bfaf8dced2331c92
protected by: 
	require(origin==sender)
	
	require(gasStart <= constant)
	
	require(gasStart - gasEnd <= constant)
	
	totalBorrow
	
	dataFlow upper bound
	
	tokenOutUpperBound
	
	tokenOutRatioUpperBound
	


CreamFi2_2
0x0fe2542079644e107cbf13690eb9c2c65963ccb79089ff96bfaf8dced2331c92
protected by: 
	require(origin==sender)
	
	require(gasStart <= constant)
	
	require(gasStart - gasEnd <= constant)
	
	totalBorrow
	
	dataFlow upper bound
	
	tokenOutUpperBound
	
	tokenOutRatioUpperBound
	


CreamFi2_3
0x0fe2542079644e107cbf13690eb9c2c65963ccb79089ff96bfaf8dced2331c92
protected by: 
	isOriginManager
	
	enforced short same function gap
	
	require(gasStart <= constant)
	
	require(gasStart - gasEnd <= constant)
	
	totalBorrow
	


CreamFi2_4
0x0fe2542079644e107cbf13690eb9c2c65963ccb79089ff96bfaf8dced2331c92
protected by: 
	require(gasStart <= constant)
	
	require(gasStart - gasEnd <= constant)
	
	totalBorrow
	
	dataFlow upper bound
	
	tokenOutUpperBound
	
	tokenOutRatioUpperBound
	


RariCapital1
0x4764dc6ff19a64fc1b0e57e735661f64d97bc1c44e026317be8765358d0a7392
protected by: 
	same sender block
	
	same origin block
	
	enforced short same function gap
	
	require(gasStart <= constant)
	
	require(gasStart - gasEnd <= constant)
	
	callvalue
	
	dataFlow upper bound
	
	tokenInUpperBound
	
	tokenOutUpperBound
	


RariCapital2_1
0xab486012f21be741c9e674ffda227e30518e8a1e37a5f1d58d0b0d41f6e76530
protected by: 
	require(origin==sender)
	
	same sender block
	
	same origin block
	
	enforced short same function gap
	
	require(gasStart <= constant)
	
	require(gasStart - gasEnd <= constant)
	
	totalSupply
	
	totalBorrow
	
	callvalue
	
	dataFlow upper bound
	
	tokenInUpperBound
	
	tokenOutUpperBound
	
	tokenOutRatioUpperBound
	


RariCapital2_2
0xab486012f21be741c9e674ffda227e30518e8a1e37a5f1d58d0b0d41f6e76530
protected by: 
	require(origin==sender)
	
	isSenderManager
	
	same sender block
	
	same origin block
	
	enforced short same function gap
	
	require(gasStart <= constant)
	
	require(gasStart - gasEnd <= constant)
	
	totalSupply
	
	totalBorrow
	
	dataFlow upper bound
	
	tokenInUpperBound
	
	tokenOutUpperBound
	
	tokenInRatioUpperBound
	
	tokenOutRatioUpperBound
	


RariCapital2_3
0xab486012f21be741c9e674ffda227e30518e8a1e37a5f1d58d0b0d41f6e76530
protected by: 
	require(origin==sender)
	
	require(gasStart <= constant)
	
	require(gasStart - gasEnd <= constant)
	
	tokenOutRatioUpperBound
	


RariCapital2_4
0xab486012f21be741c9e674ffda227e30518e8a1e37a5f1d58d0b0d41f6e76530
protected by: 
	require(origin==sender)
	
	require(gasStart <= constant)
	
	require(gasStart - gasEnd <= constant)
	
	totalBorrow
	
	dataFlow upper bound
	
	tokenOutUpperBound
	
	tokenOutRatioUpperBound
	


XCarnival
0x51cbfd46f21afb44da4fa971f220bd28a14530e1d5da5009cfbdfee012e57e35
protected by: 
	isSenderOwner
	
	enforced short same function gap
	
	require(gasStart <= constant)
	
	require(gasStart - gasEnd <= constant)
	
	totalBorrow
	
	tokenOutRatioUpperBound
	


Harvest1_fUSDT
0x0fc6d2ca064fc841bc9b1c1fad1fbb97bcea5c9a1b2b66ef837f1227e06519a6
protected by: 
	require(origin==sender)
	
	isSenderManager
	
	isOriginManager
	
	same sender block
	
	same origin block
	
	enforced short same function gap
	
	require(gasStart <= constant)
	
	require(gasStart - gasEnd <= constant)
	
	oracle range
	
	oracle deviation
	
	totalSupply
	
	dataFlow upper bound
	
	tokenOutUpperBound
	
	tokenOutRatioUpperBound
	


Harvest2_fUSDC
0x35f8d2f572fceaac9288e5d462117850ef2694786992a8c3f6d02612277b0877
protected by: 
	require(origin==sender)
	
	isSenderManager
	
	isOriginManager
	
	same sender block
	
	same origin block
	
	enforced short same function gap
	
	require(gasStart <= constant)
	
	require(gasStart - gasEnd <= constant)
	
	oracle range
	
	oracle deviation
	
	totalSupply
	
	dataFlow upper bound
	
	tokenOutUpperBound
	
	tokenOutRatioUpperBound
	


ValueDeFi
0x46a03488247425f845e444b9c10b52ba3c14927c687d38287c0faddc7471150a
protected by: 
	isSenderOwner
	
	same origin block
	
	enforced short same function gap
	
	oracle range
	
	totalSupply
	
	dataFlow upper bound
	
	tokenInUpperBound
	
	tokenOutUpperBound
	


Yearn1
0x59faab5a1911618064f1ffa1e4649d85c99cfd9f0d64dcebbc1af7d7630da98b
protected by: 
	isOriginManager
	
	same sender block
	
	same origin block
	
	enforced short same function gap
	
	require(gasStart <= constant)
	


Yearn1_interface
0x59faab5a1911618064f1ffa1e4649d85c99cfd9f0d64dcebbc1af7d7630da98b
protected by: 
	require(origin==sender)
	
	enforced short same function gap
	
	require(gasStart <= constant)
	
	dataFlow upper bound
	
	tokenInUpperBound
	
	tokenOutUpperBound
	
	tokenInRatioUpperBound
	


VisorFi
0x69272d8c84d67d1da2f6425b339192fa472898dce936f24818fda415c1c1ff3f
protected by: 
	require(origin==sender)
	
	require(gasStart <= constant)
	
	require(gasStart - gasEnd <= constant)
	
	MoveNonReentrantLocks
	
	dataFlow upper bound
	
	tokenOutUpperBound
	
	tokenOutRatioUpperBound
	


UmbrellaNetwork
0x33479bcfbc792aa0f8103ab0d7a3784788b5b0e1467c81ffbed1b7682660b4fa
protected by: 


PickleFi
0xe72d4e7ba9b5af0cf2a8cfb1e30fd9f388df0ab3da79790be842bfbed11087b0
protected by: 
	require(origin==sender)
	
	enforced short same function gap
	
	require(gasStart <= constant)
	
	require(gasStart - gasEnd <= constant)
	
	dataFlow upper bound
	
	tokenOutUpperBound
	


Eminence
0x3503253131644dd9f52802d071de74e456570374d586ddd640159cf6fb9b8ad8
protected by: 
	same sender block
	
	same origin block
	
	require(gasStart <= constant)
	
	require(gasStart - gasEnd <= constant)
	
	totalSupply
	
	dataFlow upper bound
	
	tokenInUpperBound
	
	tokenOutUpperBound
	
	tokenInRatioUpperBound
	
	tokenOutRatioUpperBound
	


Opyn
0xa858463f30a08c6f3410ed456e59277fbe62ff14225754d2bb0b4f6a75fdc8ad
protected by: 
	require(origin==sender)
	
	isSenderManager
	
	isOriginManager
	
	same sender block
	
	same origin block
	
	require(gasStart <= constant)
	
	require(gasStart - gasEnd <= constant)
	


IndexFi
0x44aad3b853866468161735496a5d9cc961ce5aa872924c5d78673076b1cd95aa
protected by: 
	isOriginOwner
	
	same sender block
	
	same origin block
	
	require(gasStart <= constant)
	
	require(gasStart - gasEnd <= constant)
	
	totalSupply
	
	mapping
	
	dataFlow upper bound
	
	tokenInUpperBound
	
	tokenOutUpperBound
	
	tokenInRatioUpperBound
	
	tokenOutRatioUpperBound
	


RevestFi
0xe0b0c2672b760bef4e2851e91c69c8c0ad135c6987bbf1f43f5846d89e691428
protected by: 
	isOriginManager
	
	same sender block
	
	same origin block
	
	require(gasStart <= constant)
	
	require(gasStart - gasEnd <= constant)
	


RevestFi_interface
0xe0b0c2672b760bef4e2851e91c69c8c0ad135c6987bbf1f43f5846d89e691428
protected by: 
	require(origin==sender)
	
	isSenderManager
	
	isOriginManager
	
	same sender block
	
	same origin block
	
	require(gasStart <= constant)
	
	require(gasStart - gasEnd <= constant)
	
	MoveNonReentrantLocks
	


DODO
0x395675b56370a9f5fe8b32badfa80043f5291443bd6c8273900476880fb5221e
protected by: 
	isSenderOwner
	
	isOriginOwner
	


Punk_1
0x597d11c05563611cb4ad4ed4c57ca53bbe3b7d3fefc37d1ef0724ad58904742b
protected by: 
	require(origin==sender)
	
	isSenderOwner
	
	isOriginOwner
	
	require(gasStart <= constant)
	


Punk_2
0x597d11c05563611cb4ad4ed4c57ca53bbe3b7d3fefc37d1ef0724ad58904742b
protected by: 
	require(origin==sender)
	
	isSenderOwner
	
	isOriginOwner
	


Punk_3
0x597d11c05563611cb4ad4ed4c57ca53bbe3b7d3fefc37d1ef0724ad58904742b
protected by: 
	require(origin==sender)
	
	isSenderOwner
	
	isOriginOwner
	


BeanstalkFarms
0xcd314668aaa9bbfebaf1a0bd2b6553d01dd58899c508d4729fa7311dc5d33ad7
protected by: 
	isSenderManager
	
	same origin block
	
	require(gasStart <= constant)
	
	require(gasStart - gasEnd <= constant)
	
	totalSupply
	
	dataFlow upper bound
	
	tokenInUpperBound
	
	tokenOutUpperBound
	
	tokenInRatioUpperBound
	
	tokenOutRatioUpperBound
	


BeanstalkFarms_interface
0xcd314668aaa9bbfebaf1a0bd2b6553d01dd58899c508d4729fa7311dc5d33ad7
protected by: 
	require(origin==sender)
	
	isSenderManager
	
	isOriginManager
	
	require(gasStart <= constant)
	
	require(gasStart - gasEnd <= constant)
	


For require(gasStart <= constant)
FPs: 
	RariCapital1	0x9c17e998294dd66808f674bf08a8ee710a807a94c7a217a23e9bcf9d308b0798
	
	CreamFi1_2	0xcd753ea59ae8020ea04a689fd4854040a9454496838adc41614d1ce90d2bbfd9
	
	PickleFi	0x7cdf96df591718d53e275053352c9af8b546f6b32866a563b57804c074d22212
	
	CreamFi2_2	0xf40a2c39755bd255c97129f3bb05d2db828ca3b3f97c932b93e8ff346229b91d
	
	IndexFi	0x5b0c4daf9549f5030d164600f33223103e0de3ee004f7880e2a794203e07d935
	
	CreamFi2_3	0xbf6deab08e4bc86e5a25746e0a3ec5abcf0846794df145ecc55477e320edf5b5
	
	CreamFi1_2	0xd0d4308260e6895967cc697a87d9b1b95969c4c606a516d574e39046926d00ca
	
	CreamFi2_1	0x9c544c6b371ec1e9e6e510d3037bc23667a0bb94345028ba0543aaa0ac1ef261
	
	DODO	0x9eb53bf2d908f651210e39557a85c8f564cf1a50ec37d3b54b43382e7723f3e9
	
	RariCapital1	0x890ee194b282a196aa04d8c9d56e888c1eb4080264d0c1d77b5a22f99dd7320e
	


For dataFlowUpperBound
FPs: 
	InverseFi	0x89df13842dede868441c6d2e3d359caab0ed8dd9bb3e0bc062c770e1fcb646ad
	
	Harvest2_fUSDC	0x91cb04676a4f2892d2ec5856dedf5f0a61161691e96490345e2f0d6593170e66
	
	CheeseBank_3	0xe8d9eee34882c0f2e6f356eda0933c40fbf0cc392bd0b59db5fd7b65b8aaf326
	
	CreamFi2_4	0x24eaac4b11c874f75fd3f173e5918e89cab2cf7da19dcb3e0992432361b98cef
	
	HarmonyBridge	0x723cec6c526ab624c1b359fded9d5b1f172fa1b8b411917be83522e9eefe5e4a
	
	Harvest1_fUSDT	0x409ce374b24feb6611435b5c73c735e1a695f13307ecaf65603998a37ba5b7c4
	
	ValueDeFi	0xffa45c44097fb860301789e0177e388de295614a6b1c7051da10e16d42abe60f
	
	CreamFi2_3	0xb3a566c6d749efa30137b43166da6c7fae05830e01ba71bd57ea731b3650fa41
	
	Warp	0x1356670c53b451a54260ecc8aa69d0c7af10fdb982be64281da79ebdecf32024
	
	RariCapital2_2	0xddaa28fd99e939c04f1cee64cacbafce5b14eda8fe5002a0384a5cd01b43a1f9
	


For tokenOutUpperBound
FPs: 
	VisorFi	0x9091fddbb0d24b4410c94f56d2523584923ae81b63232a33d471620b96d0915f
	
	Warp	0x1356670c53b451a54260ecc8aa69d0c7af10fdb982be64281da79ebdecf32024
	
	PickleFi	0x38ba10c6623789ebef5d1619ebbb57b136a5f69266f3910ca25095a265e2fb92
	
	Eminence	0xdbca93ddd3b322ece3840c5130cc314b805ab433721431d5478ab0803eb1d30e
	
	Eminence	0x6dc2282c981676d08961b4ef1675eeca6f5d99cf6fa1b551855b0ce0b2b547d9
	
	CheeseBank_1	0x4cab4aa42ad47c1a7bb073444b23256f16dedb3868981859206202452fc2ba4d
	
	Yearn1_interface	0x49d62533adb1131d476ff0a4f67d5a41ba1e65c2ceeb1de54eb8ad9d4f87bf8e
	
	Eminence	0x03dc8e714fb70c703f5446a223ae068f6e774f2196a2c47e456800f35cc3ad41
	
	RoninNetwork	0x97105aa36733b138fdb97ad10818c47e9f8096a08c4bce738626eb4b78f82d62
	
	VisorFi	0xa1e73d2582edbcc39a946c3176a6291502f476810697434a7b8ea107e9ba7108
	


For tokenOutRatioUpperBound
FPs: 
	XCarnival	0x00e50b6df282fb40409e8875059f32ed0dca1ab709b1a1e86855b275d868d16b
	
	RoninNetwork	0x38792a4b59b2bcef9197f10b649a545c114023affaa1083640306b9ac9a39138
	
	RoninNetwork	0x1b0969d5657b629e16fce392a47310f3b6b8a1867ba111a232ee88d04bcbeeeb
	
	RoninNetwork	0x7b8456dee65213dc4ab2c731ac98d8e3ad11854e1d951634512f7df06064634b
	
	CreamFi1_2	0x3a94dfab9dea233050d965820f00fdcb210833ddbe1cfd006b5d74f0db935c9c
	
	HarmonyBridge	0x4a515631f83167accaf48ee1b26addab9fb529f3e4206e910b1d5a86ede7fa41
	
	CreamFi1_2	0x91995f80bda770346105a50a78471df2c3a8e0f0bb89e2bfd42bd20398fc542c
	
	HarmonyBridge	0xeaa5426547ce51eead31949bc62a884a1301e0c0b9b1834c482de6def6f2d1a5
	
	XCarnival	0xfb8a8c691e63d2e70a9da2c45b74929698391cd577b1816782cd96279a6bfc2c
	
	Harvest1_fUSDT	0x409ce374b24feb6611435b5c73c735e1a695f13307ecaf65603998a37ba5b7c4
	


For require(origin==sender)
FPs: 
	CreamFi2_3	0x5dce27889e1359a3b84ba57c7b436cc976cf9449330dddc2f70db096df7d7fc9
	
	RevestFi_interface	0xe03b12b2383ef785445436331d957c361c526ee6a626bf92975aa2b625c2c391
	
	RariCapital2_2	0x5af0f208193e9f101f2a0bcfd760477a5a7ec6e488f75622c386589f736bb7e3
	
	RevestFi_interface	0xf7903bf60e9cb1310fc2a67890f96f9b411d627f5327a277357b517f746a5fa9
	
	RariCapital2_2	0x436f8e55b94239ba4984671e4d08db8a9bcf2c7ffa9f69db075e165fba4f2b12
	
	CreamFi1_2	0x3155530cb8e3e1f8f6bf4d6455c9d1850f086ad4f1631c69644b49900c592b0c
	
	CreamFi2_3	0x55e2461c253f98c85d9d3b7d54001afaa491469cb89e673349bd502e6c9d1715
	
	CreamFi1_2	0x522ef669a70633285a8e66dd69f82f93e9d3e3a13db16a3ad6626165ffa8f767
	
	RariCapital2_2	0xa2a1d32f5278eeea0376edd397d675c36e00ff0c27bf6195bbb62392d6d21efd
	
	RariCapital2_2	0x95d7aefb988f3eea3ea9aeb50ed0cbb1a1f031fdff85b43139c48db115ba94ba
	


For dataFlowLowerBound
FPs: 
	CreamFi1_2	0x9149ad7b2f6c88d6b0af2b4abda4d29f33338d6e2fc6a06d09be59908dfe4459
	
	BeanstalkFarms	0x60d49353393acfcf6150e9ffa1cffa64246ca5b0fd971f6f27843fdb9fc64351
	
	CreamFi2_1	0x32e50fe593766379fb7e1b81966e620a69304bc64d71179c31a78b74202ccfa5
	
	Harvest1_fUSDT	0x4dba2e8b9298876645aaa78c03cdb3ce282053756b77c4b0827e8fa7c8a83cc6
	
	BeanstalkFarms	0x898e091854f8e709be07c23f6fcd1266d9cc52cfef3856c5406106af08402cb8
	
	RariCapital2_2	0x436f8e55b94239ba4984671e4d08db8a9bcf2c7ffa9f69db075e165fba4f2b12
	
	CheeseBank_3	0x58fc0c22b819dbbfb6d5e0dec2a57ac57f54963ffa3b1839834871100aeca093
	
	CheeseBank_3	0x0a864195dc851b602637a60776448e0138cc348048ad6155325dc336b132214f
	
	ValueDeFi	0xa37f776198381637a1f6f5293ac6f54762c5c06fd7452253c07525afcc97000b
	
	BeanstalkFarms	0x472024ea8a7ef5f8ff3d06f8f01a9d51f9bb8ff7cfba6a6c607860a9b9e19498
	


For tokenInUpperBound
FPs: 
	CheeseBank_3	0xc8a665c7b62b4bb29b3b7a6a987e0c2a5d2e2958f93152d8908ad5b0c14ec018
	
	XCarnival	0x2e4d7f9940f2940be1f8bb61d35d8ca0225c73ef97332a6db5fcf5ddff156f18
	
	InverseFi	0x0388834096bd4f9acd28eca9549d99b5eb24c5c544040be65b6cc117719e51a7
	
	XCarnival	0x94b88fb785eefe42ec8fc03035c495a1740f5f8fc3cc977300569e105859d4cc
	
	CreamFi2_1	0xfcec749d76ac2f2ab8c3a4989ef2afb961c28b785a9f0ed300466b8ab2a00e41
	
	CreamFi2_3	0x417bc968ccfafbcdedf63598d5dd2500de39507f50e175cff8b8f437510c7981
	
	UmbrellaNetwork	0xcbdaec880ef7804ccc94670b14d7a90b814c80780074d5ad51eb3b69bc65b61e
	
	CheeseBank_1	0x53d7d2391e995b63f2c4779f8f008fc2f475a30b19db1adc92faeabd2930b6a6
	
	CreamFi2_1	0x7a81f43dccc46c6deb06f2ce6e7caf282dd38ae2ec4ffd217d08271ee65e9a46
	
	XCarnival	0xa328a9377157276b7c88281f83970c6f1ff417c77e7e7c7e4d2c9236af1b6935
	


For isOriginManager
FPs: 
	RevestFi	0x40d4d309a72e54622036c8dee8e0d8daf511976a927cd0f7374b7802f0b3d6be
	
	RevestFi_interface	0x0e54ecbd065b3eb679764c92166e2b01ba2b006079d911100528792450bbf0b2
	
	RevestFi_interface	0xab44a6b0a882b1a0ecb04734ceefce5f9f662ce138ba4cd3a073d650f198a08e
	
	CreamFi1_2	0xcaf6d5002732233a1b09d6f1ad00193f2d1ba62fe201273e3bb9bcab04002dc3
	
	RevestFi_interface	0xe8d110b146c3c2003393150b315ab703bcdc3fbbddcaa52a239be9fb4831fad3
	
	RariCapital1	0xe6ee51c0a671d40ec973de28fc21be7f868a11d9ead4ffecb39fad3b511149c5
	
	CreamFi2_2	0xcd3aba60c03c5864367c7e027f3bb46b4b165cbf0481b55378d920b9c78f64ff
	
	RariCapital2_2	0xd4477db3007cccd667a2a074161d3871caa3a2223deeffc9f85b297483372cef
	
	BeanstalkFarms	0xe28a50f4aa6325322b907f87d23592dc9554fdbb5398d3411d1142327c154cb0
	
	bZx2	0x0c5d54dd2c57ce69222c6d278332f6d515d6515110d424cc797cd57d71e50d58
	


For SameFuncGap
FPs: 
	CreamFi1_2	0x675da4a79be78ba6c37bba6cdc19f4c229b93b46d3bb59ef5a4b5bb17996a4f5
	
	bZx2	0xd9a6c9e5ad62373b118037365bd341f1f4be4d12c46443fb2075f3b99d602601
	
	RevestFi	0xab44a6b0a882b1a0ecb04734ceefce5f9f662ce138ba4cd3a073d650f198a08e
	
	CreamFi1_2	0xb64fc4ac9e7f10c19252e367e8131bfda2c8ba5e4c727216b9e997bf4c0e5102
	
	CreamFi2_2	0x021898e2ee4d49b88c274498a0ce07f5af4bb7b2304a3bd6fb57edf3abb720f4
	
	bZx2	0xd3a7aeb6e5d2c1ff6affb542d58cf6bc808ba6244cc38710dc12d01412fa3d75
	
	RariCapital1	0xe6ee51c0a671d40ec973de28fc21be7f868a11d9ead4ffecb39fad3b511149c5
	
	Punk_1	0x812f2d4afdff2779ab8d62d47355e004853056927133b8858d2e6f3ddd758dcf
	
	RariCapital2_2	0x5540c78778c0ed168a0b50e2a5ace43bcfbe837d601775f05b82101c9644ca5f
	
	Harvest1_fUSDT	0xfe0f76580ee91d5b14b65e0e8af49c0add6fbd9f17a42db01e51eda02520718a
	


For require(gasStart - gasEnd <= constant)
FPs: 
	CheeseBank_1	0xdabda0ee453d6bc60d9e10577387d4bab865d03a13616bbf6eab4ec08b51a36d
	
	Warp_interface	0x6e736e4fdc06fa35889b2892a246c0a9d3e95953df6d6058054f4c881406102f
	
	Yearn1_interface	0x9fde19f09c05886827b820b212f594d29b21b5c4e5a82a36d351d8ac6c8eb7f0
	
	Nomad	0x08d5d83608f0a6a344d8021ff9db9d2f9e97695505824f6c858f1f17a693811c
	
	RevestFi	0x3efc5a817e858df181bbca0e83205eff6432572e0989366b1f2e60ccc14ed7d1
	
	CheeseBank_1	0x92744eb71c098c880b87df61dbe9041be1cfd59eba2239676ab34f163d9986c4
	
	XCarnival	0xabfcfaf3620bbb2d41a3ffea6e31e93b9b5f61c061b9cfc5a53c74ebe890294d
	
	Warp	0xc5c7c8ad8341ffa04507e71a70edfca9dd38e628526caf5f5be973f2c11d5798
	
	CheeseBank_3	0x8b520d6ea6cdb0fc67e3653f309575477d5c9ff25415ccc778f2464b4720d496
	
	IndexFi	0x8f9e1b7f503099e1ce1e0847c176fb8549bd57984342c471c1a36751d6ebf072
	


For totalBorrow
FPs: 
	CheeseBank_1	0xc023515f9fbdf26267ce0e11bc534809d8d48c900e7948b804aaa1ffdf8b41f5
	
	CheeseBank_3	0x71c85d6e569dc6a2e1a4d26abc09b4f44534676d5ec215aed113c0f6ec1dba9f
	
	XCarnival	0x45d0d81bae51bb376efd758f9e8c5641387c6d40f7ac163a0f250ad15dbe4285
	
	XCarnival	0xaa85e4c445b8793136893176a65e2d1a27feb0da9b5a5a5c68ab086c1378778a
	
	CreamFi2_1	0x76002d8acde919e3d3cf07a8f4c6d8df714dbd95711b7fc399aa24231baff0fa
	
	XCarnival	0xbb89d4650155c1aa19ef4e3fd7de0a1ba1784e3332bab685ba0f493011beb5d6
	
	CreamFi2_4	0x1d42974731b5774b79544a456fa9b816de586b7e794bab354f2f6095413e8206
	
	CreamFi2_1	0xf5c1f659559bab50a06be775c93a38995718767495ef93366a4489606468863a
	
	Warp	0x13784adfa9136146fe1e267e2ab1e63ae8ce71e56417224cafbe7e2d436cd3be
	
	CreamFi2_1	0xe480b6646edd537c431b90615d3ee4b454cc4dd2b2b5a7adac0d5b73015dd522
	


For oracle
FPs: 
	CheeseBank_2	0x3d53d05800bd629a0667569526d17a454bce1f4b193a9b5f30d3122a6a9f855d
	
	ValueDeFi	0x1dff77ce9e7ab15e0e6628153898096f610161a906bfff6cf9593cf8cbad8259
	
	CheeseBank_3	0x782965ea811c225c369bd50eb006b31543be9668f6d56f42e396ac0cf6d9cdbd
	
	CheeseBank_3	0x3cc430e70fb48c13ebe2f98ce9737cb02cfc835c4b825ee5a07dc1d8b47691f8
	
	Harvest2_fUSDC	0x2d7ff5c11053d5e539ee6ac1ccffb231f8a44f5ae9f2d2213e1bb8676e5136ac
	
	ValueDeFi	0x7ad84a4292da220ba783b81a361254ac450c972ef59d50177ca1089cf99dbc93
	
	ValueDeFi	0x078556c1cbbba86e322967de3e7841a91fb4947607d91264a98ab3ec8f3327b2
	
	CheeseBank_1	0x269957ac608fb59dc19db492b98addcfe4db82c407f7fb49f21fd320fde3e8b7
	
	Harvest1_fUSDT	0xaa5fe4e5243632a8328b8f54b09064d29f71d7672d5aeaa83373282a26da3090
	
	Harvest1_fUSDT	0xd622008ca9da52555a19100c7c4d57d10f9ba4e24d4da32c75762e68a280edc8
	


For oracle-ratio
FPs: 
	CheeseBank_2	0x1f49cd1b9965f0923cc80c9ac68d961a5f53c203d506b93c9545be463a8e923d
	
	CheeseBank_2	0xc16221018733acfeab19c9f7cca7caa83d9b38be2e696c896d780de00b9865da
	
	Warp_interface	0xc869de9b05b82e370071b4203ef3366dc8a7cdbcb699795af622d5c9d6089072
	
	CheeseBank_3	0x153db06a70730176d99d89dbd2999c17cf7bea2d2d0451d22a146e7903ceb8d9
	
	CheeseBank_1	0x2ae67ed28a3ffc98f2b41123c145752441d25c5571f41d5f91515cc11ecff3d1
	
	CheeseBank_1	0x51f3b91a5ef592e245f227151b3dd3fcd2ae440f9677dac284c7f5173de57b11
	
	CheeseBank_3	0x782965ea811c225c369bd50eb006b31543be9668f6d56f42e396ac0cf6d9cdbd
	
	CheeseBank_2	0xe0ddad3e6a529619c6c8575c420989c6b43f8331f2d45e4fa611b9fc413ba2ca
	
	CheeseBank_2	0xf5d4e2f9f0131300ae4405f3ba6be66db8600c738cee676e89b935f36cb4c6da
	
	Warp_interface	0x0e740a0df61c3f8b796738c330a1ffa51b1fc9ead258e944d276305be53eb6ca
	


For checkSameSenderBlock
FPs: 


For checkSameOriginBlock
FPs: 


For callvalue
FPs: 
	RoninNetwork	0x873b1ef913ab086a56c3b893b1d6277675aa25673ba0e6b0a1fc753d0f3ecec1
	
	HarmonyBridge	0xe8116061bf951890f82f9738543ba36fda419f5a832cf9dfd3aa0bee705df294
	
	RariCapital1	0xe4530d47ce4f6d24d32bdfac793e11dad9dd7e848f7ecd46675af6050428fd33
	
	RariCapital2_1	0xd1c61f4ecab7d483036297976f4d1c0ce055d1d61c0a479f8bf21d77a18ca2a4
	
	XCarnival	0x94b88fb785eefe42ec8fc03035c495a1740f5f8fc3cc977300569e105859d4cc
	
	XCarnival	0x2e4d7f9940f2940be1f8bb61d35d8ca0225c73ef97332a6db5fcf5ddff156f18
	
	XCarnival	0xa328a9377157276b7c88281f83970c6f1ff417c77e7e7c7e4d2c9236af1b6935
	
	XCarnival	0x48085239ff06c312b894e3ffff4abc2b10426d010f84ad8f2627ab019cc8cb6a
	


For totalSupply
FPs: 
	Eminence	0xc33054634cfbd9f641416bb84a4174e899a88fd0cc7544a68c00037fb0515725
	
	RariCapital2_2	0x50d3e4b96282a239ddb856bfd735a593935d6202e84ebb399317760a95ce0283
	
	Eminence	0xf71ace9b07c8c8d54e7ad395d02b36c80472108867c4d3c1613f92e34352d1fe
	
	Harvest1_fUSDT	0x9c552839c0a8f9140e436cd4a6b358fe37740e92189fe3f30c8d3653a175468c
	
	RariCapital2_2	0xe46046d33de19fd3e3a2d3c207154f565a632608f0af627d9fbbc198182f0523
	
	RariCapital2_2	0xbe7453b9c41c9fb6598e9d72c8121cfea134fe5d86816ae471e15b7986d4a958
	
	InverseFi	0x10f8ac9a093a32d2534e17b0ff734ae5424b7ff0288617c8f8efce8a170b2487
	
	CreamFi2_3	0x340b92b9e5be5b67e10e2dac9065839be3f42ac45cba95446a1aa0d24375c100
	
	BeanstalkFarms	0xaa0e8d8dc1ce4a0a5902b70efd53d4294625c67c3d64622ae71e6cd52ceb8c8e
	
	IndexFi	0x2bd86264a76a26c7810defeaa5f6ebced8abc4c4763e5b861e29d215ccb640c2
	


For isSenderManager
FPs: 
	CreamFi2_3	0x417bc968ccfafbcdedf63598d5dd2500de39507f50e175cff8b8f437510c7981
	
	RariCapital1	0x695e5bed8824fa1b6d2448bbfc983c91edc6ba2ff18806527cd32c8630ff3805
	
	CreamFi2_3	0xed4e15f1384f9bb988b659b709c5d65d5acf6c5bd140c99da8795739038d6b01
	
	DODO	0x68541d8cf34015dd31c9f1d379705d145ea35c8526a3c3d1fd14e1a0d3affe08
	
	CreamFi1_2	0x36b3b1d5c6d1f0227b5aa5d869156c297e2f77908d28b022100188a35493b7f9
	
	CreamFi1_2	0x17cee717b6e2aa6c0844a7261deeb8676e81150ae6c75bfd67e8482499fe2f76
	
	CreamFi2_2	0xa0ca9f4d03abf07bff2a563e46f164835e04aa0bb839d159467d13e9e3adde68
	
	Warp_interface	0x0c1f191589f4bfdb765fd93e90f79a8f27ce7f02c1f4f800432e9ac161614f6a
	
	CreamFi2_3	0xdad15b885b44000360eeace73aa9573b94a5173311198778b1c9d43bce38ab1d
	
	RariCapital1	0x0cb4f5c7c6d0cfee1f3183c591dc96202ddcde4da6bcc317ada24b15e8699b6d
	


For tokenInRatioUpperBound
FPs: 
	RoninNetwork	0x88e63e6b5f1200eff2ab373f477094bfa7a4d5cf6b10c01124f073e074ad0915
	
	RariCapital2_2	0x0087a9824e0fc321cf96a69dbfb3b759196024b2d30ef0a4717890f354a78c9f
	
	RoninNetwork	0xd84be1df6e4fb94c67f46e6e5ee426b85a0b99ec328780da76e1eb9b7b4c1ca0
	
	Harvest2_fUSDC	0x613f9fe5c858c54098f3bfb85cd3eb63c9837aa4525bc9682c0f4e365031d367
	
	CreamFi1_2	0x7285030cf8b26963e1798daa90672a11b6d39f25604d894147915094879219dd
	
	IndexFi	0x5723e42a48651ba138177d1cd15df660542821bc841c094891169253e265b21f
	
	CreamFi1_2	0x2b5a6b4d55af406fe417a32faf53e88e82ed92e81c8f29b564cce47b355160b4
	
	InverseFi	0x5200786477cea57530b4251f5e11df5f8890c2b95bc2163da8d04f6c9b7e9b52
	
	InverseFi	0xa60522b8ff3c6ea63df56ce4350222f80e6a8004a3a43fc8b78e07b358a809b1
	
	XCarnival	0x48085239ff06c312b894e3ffff4abc2b10426d010f84ad8f2627ab019cc8cb6a
	


For isSenderOwner
FPs: 
	BeanstalkFarms_interface	0x33c49da5a396fadd70536c5389afe01d0d6354e3be01478e0c426f08a81ea804
	
	UmbrellaNetwork	0x935ca4702e375fb713a67cf55a68600a6a094c3ed17953d7a267490d3bd99f90
	
	XCarnival	0x48085239ff06c312b894e3ffff4abc2b10426d010f84ad8f2627ab019cc8cb6a
	
	CreamFi1_2	0x522ef669a70633285a8e66dd69f82f93e9d3e3a13db16a3ad6626165ffa8f767
	
	UmbrellaNetwork	0x2fcf3fda994b0836c3624c45acd33cfd1426b8e32ecaf2fc0a7b95a3d3bac630
	
	CreamFi1_2	0xa97df81ee9b743aca72fea9a0087eed17cd273b8d610500096e0c164387cfb54
	
	Harvest1_fUSDT	0xc5c4c38c34a23405eafe82c81dcf6c44116e80f3f1aaaed2fd95f8d3f8a2d556
	
	XCarnival	0xa328a9377157276b7c88281f83970c6f1ff417c77e7e7c7e4d2c9236af1b6935
	
	XCarnival	0x25c96d5ddcd0b2d56364480227744cddc8613ed221b72c2074dfeff2f015b922
	
	Harvest1_fUSDT	0x97623f360c352604ce7158950ae3a4df2275f0caec25d62e0d3019f856a8dc1d
	


For NonReentrantLocks
FPs: 


For isOriginOwner
FPs: 
	CreamFi1_2	0x11d0bb12ef4fb711f96547056f9eaae9fd39422185b1adb9a8a9f0fa38601844
	
	XCarnival	0xa328a9377157276b7c88281f83970c6f1ff417c77e7e7c7e4d2c9236af1b6935
	
	CreamFi2_1	0xd21ca9211ba20cd58a922db06f4a0441fd377889528ffff6f5fbe83bc0840d34
	
	UmbrellaNetwork	0x935ca4702e375fb713a67cf55a68600a6a094c3ed17953d7a267490d3bd99f90
	
	XCarnival	0x25c96d5ddcd0b2d56364480227744cddc8613ed221b72c2074dfeff2f015b922
	
	CreamFi1_2	0xa97df81ee9b743aca72fea9a0087eed17cd273b8d610500096e0c164387cfb54
	
	XCarnival	0x48085239ff06c312b894e3ffff4abc2b10426d010f84ad8f2627ab019cc8cb6a
	
	BeanstalkFarms_interface	0xe0f4706480993c80ebbb05cb8bc58c33d60dbc1aac65f41b9e4fbf8f83d919b5
	
	Yearn1_interface	0x49d62533adb1131d476ff0a4f67d5a41ba1e65c2ceeb1de54eb8ad9d4f87bf8e
	
	CreamFi1_2	0x494640c8287462ff006185e0ae08fe28ece1d411ccc02a53426dfe68eea93ac7
	


For mapping
FPs: 
	Yearn1_interface	0x8fb013ca6338a03908e19ed45db95749f6884f73dfd6bf6039d7ef72a1ac5129
	
	RariCapital2_4	0x54c0c9c1282d7c40b9eb8d25bb239742f1da9452e47f8b7719dbf93662318bc8
	
	CreamFi2_2	0x1499e67c842a5d5c3a6f9e84e59cccf0b8b9c615d9121cbf5199294eb51f1e0a
	
	RariCapital2_2	0xe6fdc25e46e6c22800bd3b639691ec93f4703c5f6350b0021725c5f034508ca8
	
	IndexFi	0x548a9b95b24815c064e747a675974679deda50e08f99496075d7bfee434e788b
	
	IndexFi	0x4f57c34dda7c3c32d72d7befaa65a081654f186f13b38312ba07be67e99eded3
	
	CreamFi2_4	0x2651068d5d9ccfbe063ea5f5a2fa7ea126b19d6cdb6e2c481dcc10b7c9069828
	
	IndexFi	0x9a09fc11229d1c96a679e35c9a16e42c3b6d5701459a7f06b6e43b0c7bca8bbd
	
	CreamFi2_1	0xe75b857e079a197d423ef147ff26bf9c9c6cdf9253b34f16bc2e4c49f4cb1fb4
	
	RariCapital2_2	0x35d6252ddee4121b4c21be818ab6ddb7b57d867223b268d97df05816e23bcbe8
	


